
> fobverse@0.0.0 build
> npm run lint && ng build


> fobverse@0.0.0 lint
> ng lint


Linting "fobverse"...

All files pass linting.

[33mÔØ»[39m Building...
[32mÔ£ö[39m Building...
Application bundle generation failed. [10.797 seconds]

npm : [1m[33m[33mÔû▓ 
[43;33m[[43;30mWARNING[43;33m][0m 
[1mNG8107: The left side of this 
optional chain operation does not 
include 'null' or 'undefined' in its 
type, therefore the '?.' operator can 
be replaced with the '.' operator.[0m 
[1m[35m[plugin angular-compiler][0m
At line:1 char:1
+ npm run build 2>&1 | Out-File 
-FilePath "build-output.txt" -Encoding 
 ...
+ ~~~~~~~~~~~~~~~~~~
    + CategoryInfo          : NotSpeci 
   fied: ([1m[33m[33mÔ...r-compile  
  r][0m:String) [], RemoteException
    + FullyQualifiedErrorId : NativeCo 
   mmandError
 

    src/app/features/candidate/componen
ts/my-applications/components/candidate
-application-details/candidate-applicat
ion-details.component.html:23:49:
[37m      23 Ôöé ...lication.atsStage.
profile?.[32mprofileUrl[37m ? 
(application.atsStage.p...
         ÔòÁ                           
    [32m~~~~~~~~~~[0m

  Warning occurs in the template of 
component 
CandidateApplicationDetailsComponent.

    src/app/features/candidate/componen
ts/my-applications/components/candidate
-application-details/candidate-applicat
ion-details.component.ts:14:15:
[37m      14 Ôöé   templateUrl: [32m'
./candidate-application-details.compone
nt.html'[37m,
         ÔòÁ                [32m~~~~~~
~~~~~~~~~~~~~~~~~~~~~~~~~~~~~~~~~~~~~~~
~~~[0m

[39m[22m
[1m[31m[31mX 
[41;31m[[41;97mERROR[41;31m][0m 
[1mNG1: Object is of type 
'unknown'.[0m [1m[35m[plugin 
angular-compiler][0m

    src/app/common/table-component/tabl
e-component.html:15:35:
[37m      15 Ôöé       @for( row of 
data; track row.[32m_id[37m){
         ÔòÁ                           
         [32m~~~[0m

  Error occurs in the template of 
component TableComponent.

    src/app/common/table-component/tabl
e-component.ts:10:15:
[37m      10 Ôöé   templateUrl: 
[32m'./table-component.html'[37m,
         ÔòÁ                
[32m~~~~~~~~~~~~~~~~~~~~~~~~[0m


[31mX 
[41;31m[[41;97mERROR[41;31m][0m 
[1mNG1: Object is of type 
'unknown'.[0m [1m[35m[plugin 
angular-compiler][0m

    src/app/common/table-component/tabl
e-component.html:24:79:
[37m      24 Ôöé ...sm:text-sm 
font-medium text-dark-gray">{{ 
[32mrow[col.field][37m }}</span>
         ÔòÁ                           
                   
[32m~~~~~~~~~~~~~~[0m

  Error occurs in the template of 
component TableComponent.

    src/app/common/table-component/tabl
e-component.ts:10:15:
[37m      10 Ôöé   templateUrl: 
[32m'./table-component.html'[37m,
         ÔòÁ                
[32m~~~~~~~~~~~~~~~~~~~~~~~~[0m


[31mX 
[41;31m[[41;97mERROR[41;31m][0m 
[1mNG1: Object is of type 
'unknown'.[0m [1m[35m[plugin 
angular-compiler][0m

    src/app/common/table-component/tabl
e-component.html:27:79:
[37m      27 Ôöé ...m font-medium 
text-dark-gray">{{ 
[32mrow[col.field][37m | number 
}}</span>
         ÔòÁ                           
          [32m~~~~~~~~~~~~~~[0m

  Error occurs in the template of 
component TableComponent.

    src/app/common/table-component/tabl
e-component.ts:10:15:
[37m      10 Ôöé   templateUrl: 
[32m'./table-component.html'[37m,
         ÔòÁ                
[32m~~~~~~~~~~~~~~~~~~~~~~~~[0m


[31mX 
[41;31m[[41;97mERROR[41;31m][0m 
[1mNG1: Object is of type 
'unknown'.[0m [1m[35m[plugin 
angular-compiler][0m

    src/app/common/table-component/tabl
e-component.html:30:62:
[37m      30 Ôöé ...sm:text-sm 
text-gray">{{ [32mrow[col.field][37m 
| date:'mediumDate' }}<...
         ÔòÁ                           
  [32m~~~~~~~~~~~~~~[0m

  Error occurs in the template of 
component TableComponent.

    src/app/common/table-component/tabl
e-component.ts:10:15:
[37m      10 Ôöé   templateUrl: 
[32m'./table-component.html'[37m,
         ÔòÁ                
[32m~~~~~~~~~~~~~~~~~~~~~~~~[0m


[31mX 
[41;31m[[41;97mERROR[41;31m][0m 
[1mNG1: Object is of type 
'unknown'.[0m [1m[35m[plugin 
angular-compiler][0m

    src/app/common/table-component/tabl
e-component.html:35:44:
[37m      35 Ôöé                   [ng
Class]="getStatusClass([32mrow[col.fie
ld][37m)">
         ÔòÁ                           
                  
[32m~~~~~~~~~~~~~~[0m

  Error occurs in the template of 
component TableComponent.

    src/app/common/table-component/tabl
e-component.ts:10:15:
[37m      10 Ôöé   templateUrl: 
[32m'./table-component.html'[37m,
         ÔòÁ                
[32m~~~~~~~~~~~~~~~~~~~~~~~~[0m


[31mX 
[41;31m[[41;97mERROR[41;31m][0m 
[1mNG1: Object is of type 
'unknown'.[0m [1m[35m[plugin 
angular-compiler][0m

    src/app/common/table-component/tabl
e-component.html:36:21:
[37m      36 Ôöé                   {{ 
[32mrow[col.field][37m? 
'Active':'Inactive' }}
         ÔòÁ                      
[32m~~~~~~~~~~~~~~[0m

  Error occurs in the template of 
component TableComponent.

    src/app/common/table-component/tabl
e-component.ts:10:15:
[37m      10 Ôöé   templateUrl: 
[32m'./table-component.html'[37m,
         ÔòÁ                
[32m~~~~~~~~~~~~~~~~~~~~~~~~[0m


[31mX 
[41;31m[[41;97mERROR[41;31m][0m 
[1mNG1: Object is of type 
'unknown'.[0m [1m[35m[plugin 
angular-compiler][0m

    src/app/common/table-component/tabl
e-component.html:42:45:
[37m      42 Ôöé                   [ng
Class]="getJobTypeClass([32mrow[col.fi
eld][37m)">
         ÔòÁ                           
                   
[32m~~~~~~~~~~~~~~[0m

  Error occurs in the template of 
component TableComponent.

    src/app/common/table-component/tabl
e-component.ts:10:15:
[37m      10 Ôöé   templateUrl: 
[32m'./table-component.html'[37m,
         ÔòÁ                
[32m~~~~~~~~~~~~~~~~~~~~~~~~[0m


[31mX 
[41;31m[[41;97mERROR[41;31m][0m 
[1mNG1: Object is of type 
'unknown'.[0m [1m[35m[plugin 
angular-compiler][0m

    src/app/common/table-component/tabl
e-component.html:43:20:
[37m      43 Ôöé                   
{{[32mrow[col.field][37m}}
         ÔòÁ                     
[32m~~~~~~~~~~~~~~[0m

  Error occurs in the template of 
component TableComponent.

    src/app/common/table-component/tabl
e-component.ts:10:15:
[37m      10 Ôöé   templateUrl: 
[32m'./table-component.html'[37m,
         ÔòÁ                
[32m~~~~~~~~~~~~~~~~~~~~~~~~[0m


[31mX 
[41;31m[[41;97mERROR[41;31m][0m 
[1mNG1: Object is of type 
'unknown'.[0m [1m[35m[plugin 
angular-compiler][0m

    src/app/common/table-component/tabl
e-component.html:49:83:
[37m      49 Ôöé ...m:text-sm 
font-medium text-dark-gray">{{ 
[32mrow[col.field][37m }}%</span>
         ÔòÁ                           
                  
[32m~~~~~~~~~~~~~~[0m

  Error occurs in the template of 
component TableComponent.

    src/app/common/table-component/tabl
e-component.ts:10:15:
[37m      10 Ôöé   templateUrl: 
[32m'./table-component.html'[37m,
         ÔòÁ                
[32m~~~~~~~~~~~~~~~~~~~~~~~~[0m


[31mX 
[41;31m[[41;97mERROR[41;31m][0m 
[1mNG1: Object is of type 
'unknown'.[0m [1m[35m[plugin 
angular-compiler][0m

    src/app/common/table-component/tabl
e-component.html:53:41:
[37m      53 Ôöé                      
   [style.width.%]="[32mrow[col.field]
[37m"
         ÔòÁ                           
               [32m~~~~~~~~~~~~~~[0m

  Error occurs in the template of 
component TableComponent.

    src/app/common/table-component/tabl
e-component.ts:10:15:
[37m      10 Ôöé   templateUrl: 
[32m'./table-component.html'[37m,
         ÔòÁ                
[32m~~~~~~~~~~~~~~~~~~~~~~~~[0m


[31mX 
[41;31m[[41;97mERROR[41;31m][0m 
[1mNG1: Object is of type 
'unknown'.[0m [1m[35m[plugin 
angular-compiler][0m

    src/app/common/table-component/tabl
e-component.html:63:45:
[37m      63 Ôöé                     (
click)="ShowDetails(row.[32m_id[37m)"
         ÔòÁ                           
                   [32m~~~[0m

  Error occurs in the template of 
component TableComponent.

    src/app/common/table-component/tabl
e-component.ts:10:15:
[37m      10 Ôöé   templateUrl: 
[32m'./table-component.html'[37m,
         ÔòÁ                
[32m~~~~~~~~~~~~~~~~~~~~~~~~[0m


[31mX 
[41;31m[[41;97mERROR[41;31m][0m 
[1mNG1: Object is of type 
'unknown'.[0m [1m[35m[plugin 
angular-compiler][0m

    src/app/common/table-component/tabl
e-component.html:77:45:
[37m      77 Ôöé                     (
click)="toggleModal(row.[32m_id[37m)"
         ÔòÁ                           
                   [32m~~~[0m

  Error occurs in the template of 
component TableComponent.

    src/app/common/table-component/tabl
e-component.ts:10:15:
[37m      10 Ôöé   templateUrl: 
[32m'./table-component.html'[37m,
         ÔòÁ                
[32m~~~~~~~~~~~~~~~~~~~~~~~~[0m


[31mX 
[41;31m[[41;97mERROR[41;31m][0m 
[1mNG1: Object is of type 
'unknown'.[0m [1m[35m[plugin 
angular-compiler][0m

    src/app/common/table-component/tabl
e-component.html:94:38:
[37m      94 Ôöé                   
@if (opendModal(row.[32m_id[37m)) {
         ÔòÁ                           
            [32m~~~[0m

  Error occurs in the template of 
component TableComponent.

    src/app/common/table-component/tabl
e-component.ts:10:15:
[37m      10 Ôöé   templateUrl: 
[32m'./table-component.html'[37m,
         ÔòÁ                
[32m~~~~~~~~~~~~~~~~~~~~~~~~[0m


[31mX 
[41;31m[[41;97mERROR[41;31m][0m 
[1mNG1: Object is of type 
'unknown'.[0m [1m[35m[plugin 
angular-compiler][0m

    src/app/common/table-component/tabl
e-component.html:116:67:
[37m      116 Ôöé ...s="text-xs 
sm:text-sm text-dark-gray">{{ 
[32mrow[col.field][37m }}</span>
          ÔòÁ                          
                   
[32m~~~~~~~~~~~~~~[0m

  Error occurs in the template of 
component TableComponent.

    src/app/common/table-component/tabl
e-component.ts:10:15:
[37m      10 Ôöé   templateUrl: 
[32m'./table-component.html'[37m,
         ÔòÁ                
[32m~~~~~~~~~~~~~~~~~~~~~~~~[0m


[31mX 
[41;31m[[41;97mERROR[41;31m][0m 
[1mTS2420: Class 'ToastComponent' 
incorrectly implements interface 
'OnInit'.
  Property 'ngOnInit' is missing in 
type 'ToastComponent' but required in 
type 'OnInit'.[0m [1m[35m[plugin 
angular-compiler][0m

    src/app/common/toast/toast.componen
t.ts:14:13:
[37m      14 Ôöé export class 
[32mToastComponent[37m implements 
OnInit {
         ÔòÁ              
[32m~~~~~~~~~~~~~~[0m

  'ngOnInit' is declared here.

    node_modules/@angular/core/index.d.
ts:690:4:
[37m      690 Ôöé     
[32mngOnInit(): void;[37m
          ÔòÁ     
[32m~~~~~~~~~~~~~~~~~[0m


[31mX 
[41;31m[[41;97mERROR[41;31m][0m 
[1mNG5: Argument of type '{ action: 
string; row: unknown; }' is not 
assignable to parameter of type '{ 
action: string; row: 
AllJobsAdminResponse; }'.
  Types of property 'row' are 
incompatible.
    Type 'unknown' is not assignable 
to type 'AllJobsAdminResponse'.[0m 
[1m[35m[plugin angular-compiler][0m

    src/app/features/admin/components/a
dmin-job-list/admin-joblist.html:80:41:
[37m      80 Ôöé       (dropDownAction
)="updateUserAction([32m$event[37m)"
         ÔòÁ                           
               [32m~~~~~~[0m

  Error occurs in the template of 
component AdminJoblistComponent.

    src/app/features/admin/components/a
dmin-job-list/admin-joblist.ts:19:15:
[37m      19 Ôöé   templateUrl: 
[32m'./admin-joblist.html'[37m,
         ÔòÁ                
[32m~~~~~~~~~~~~~~~~~~~~~~[0m


[31mX 
[41;31m[[41;97mERROR[41;31m][0m 
[1mNG1: Property 'role' comes from an 
index signature, so it must be 
accessed with ['role'].[0m 
[1m[35m[plugin angular-compiler][0m

    src/app/features/admin/components/a
dmin-profile/admin-profile.html:78:31:
[37m      78 Ôöé                 {{ 
userProfile.[32mrole[37m | 
roleDisplay }}
         ÔòÁ                           
     [32m~~~~[0m

  Error occurs in the template of 
component AdminProfileComponent.

    src/app/features/admin/components/a
dmin-profile/admin-profile.ts:16:15:
[37m      16 Ôöé   templateUrl: 
[32m'./admin-profile.html'[37m,
         ÔòÁ                
[32m~~~~~~~~~~~~~~~~~~~~~~[0m


[31mX 
[41;31m[[41;97mERROR[41;31m][0m 
[1mNG5: Argument of type 'unknown' is 
not assignable to parameter of type 
'string'.[0m [1m[35m[plugin 
angular-compiler][0m

    src/app/features/admin/components/a
dmin-profile/admin-profile.html:78:31:
[37m      78 Ôöé                 {{ 
userProfile.[32mrole[37m | 
roleDisplay }}
         ÔòÁ                           
     [32m~~~~[0m

  Error occurs in the template of 
component AdminProfileComponent.

    src/app/features/admin/components/a
dmin-profile/admin-profile.ts:16:15:
[37m      16 Ôöé   templateUrl: 
[32m'./admin-profile.html'[37m,
         ÔòÁ                
[32m~~~~~~~~~~~~~~~~~~~~~~[0m


[31mX 
[41;31m[[41;97mERROR[41;31m][0m 
[1mNG1: Property 'name' comes from an 
index signature, so it must be 
accessed with ['name'].[0m 
[1m[35m[plugin angular-compiler][0m

    src/app/features/admin/components/a
dmin-profile/admin-profile.html:95:31:
[37m      95 Ôöé                 {{ 
userProfile.[32mname[37m }}
         ÔòÁ                           
     [32m~~~~[0m

  Error occurs in the template of 
component AdminProfileComponent.

    src/app/features/admin/components/a
dmin-profile/admin-profile.ts:16:15:
[37m      16 Ôöé   templateUrl: 
[32m'./admin-profile.html'[37m,
         ÔòÁ                
[32m~~~~~~~~~~~~~~~~~~~~~~[0m


[31mX 
[41;31m[[41;97mERROR[41;31m][0m 
[1mNG1: Property 'email' comes from 
an index signature, so it must be 
accessed with ['email'].[0m 
[1m[35m[plugin angular-compiler][0m

    src/app/features/admin/components/a
dmin-profile/admin-profile.html:106:31:
[37m      106 Ôöé                 {{ 
userProfile.[32memail[37m }}
          ÔòÁ                          
      [32m~~~~~[0m

  Error occurs in the template of 
component AdminProfileComponent.

    src/app/features/admin/components/a
dmin-profile/admin-profile.ts:16:15:
[37m      16 Ôöé   templateUrl: 
[32m'./admin-profile.html'[37m,
         ÔòÁ                
[32m~~~~~~~~~~~~~~~~~~~~~~[0m


[31mX 
[41;31m[[41;97mERROR[41;31m][0m 
[1mNG1: Property 'profileImg' comes 
from an index signature, so it must be 
accessed with ['profileImg'].[0m 
[1m[35m[plugin angular-compiler][0m

    src/app/features/admin/components/a
dmin-profile/admin-profile.html:117:32:
[37m      117 Ôöé ...      [src]="user
Profile?.[32mprofileImg[37m ? 
cludBaseUrl+userProfile...
          ÔòÁ                          
    [32m~~~~~~~~~~[0m

  Error occurs in the template of 
component AdminProfileComponent.

    src/app/features/admin/components/a
dmin-profile/admin-profile.ts:16:15:
[37m      16 Ôöé   templateUrl: 
[32m'./admin-profile.html'[37m,
         ÔòÁ                
[32m~~~~~~~~~~~~~~~~~~~~~~[0m


[31mX 
[41;31m[[41;97mERROR[41;31m][0m 
[1mNG1: Property 'profileImg' comes 
from an index signature, so it must be 
accessed with ['profileImg'].[0m 
[1m[35m[plugin angular-compiler][0m

    src/app/features/admin/components/a
dmin-profile/admin-profile.html:117:70:
[37m      117 Ôöé ... cludBaseUrl+user
Profile?.[32mprofileImg[37m 
:'https://placehold.co/15...
          ÔòÁ                          
    [32m~~~~~~~~~~[0m

  Error occurs in the template of 
component AdminProfileComponent.

    src/app/features/admin/components/a
dmin-profile/admin-profile.ts:16:15:
[37m      16 Ôöé   templateUrl: 
[32m'./admin-profile.html'[37m,
         ÔòÁ                
[32m~~~~~~~~~~~~~~~~~~~~~~[0m


[31mX 
[41;31m[[41;97mERROR[41;31m][0m 
[1mNG1: Property 'profileImg' comes 
from an index signature, so it must be 
accessed with ['profileImg'].[0m 
[1m[35m[plugin angular-compiler][0m

    src/app/features/admin/components/a
dmin-profile/admin-profile.html:293:57:
[37m      293 Ôöé ... cludBaseUrl+user
Profile?.[32mprofileImg[37m || 
'/profileimages/logode...
          ÔòÁ                          
    [32m~~~~~~~~~~[0m

  Error occurs in the template of 
component AdminProfileComponent.

    src/app/features/admin/components/a
dmin-profile/admin-profile.ts:16:15:
[37m      16 Ôöé   templateUrl: 
[32m'./admin-profile.html'[37m,
         ÔòÁ                
[32m~~~~~~~~~~~~~~~~~~~~~~[0m


[31mX 
[41;31m[[41;97mERROR[41;31m][0m 
[1mNG1: Property 'profileUrl' comes 
from an index signature, so it must be 
accessed with ['profileUrl'].[0m 
[1m[35m[plugin angular-compiler][0m

    src/app/features/candidate/componen
ts/my-applications/components/candidate
-application-details/candidate-applicat
ion-details.component.html:23:49:
[37m      23 Ôöé ...lication.atsStage.
profile?.[32mprofileUrl[37m ? 
(application.atsStage.p...
         ÔòÁ                           
    [32m~~~~~~~~~~[0m

  Error occurs in the template of 
component 
CandidateApplicationDetailsComponent.

    src/app/features/candidate/componen
ts/my-applications/components/candidate
-application-details/candidate-applicat
ion-details.component.ts:14:15:
[37m      14 Ôöé   templateUrl: [32m'
./candidate-application-details.compone
nt.html'[37m,
         ÔòÁ                [32m~~~~~~
~~~~~~~~~~~~~~~~~~~~~~~~~~~~~~~~~~~~~~~
~~~[0m


[31mX 
[41;31m[[41;97mERROR[41;31m][0m 
[1mNG1: Property 'profileUrl' comes 
from an index signature, so it must be 
accessed with ['profileUrl'].[0m 
[1m[35m[plugin angular-compiler][0m

    src/app/features/candidate/componen
ts/my-applications/components/candidate
-application-details/candidate-applicat
ion-details.component.html:23:92:
[37m      23 Ôöé ...plication.atsStage
.profile.[32mprofileUrl[37m.startsWit
h('http') ? appl...
         ÔòÁ                           
    [32m~~~~~~~~~~[0m

  Error occurs in the template of 
component 
CandidateApplicationDetailsComponent.

    src/app/features/candidate/componen
ts/my-applications/components/candidate
-application-details/candidate-applicat
ion-details.component.ts:14:15:
[37m      14 Ôöé   templateUrl: [32m'
./candidate-application-details.compone
nt.html'[37m,
         ÔòÁ                [32m~~~~~~
~~~~~~~~~~~~~~~~~~~~~~~~~~~~~~~~~~~~~~~
~~~[0m


[31mX 
[41;31m[[41;97mERROR[41;31m][0m 
[1mNG1: Object is of type 
'unknown'.[0m [1m[35m[plugin 
angular-compiler][0m

    src/app/features/candidate/componen
ts/my-applications/components/candidate
-application-details/candidate-applicat
ion-details.component.html:23:103:
[37m      23 Ôöé ...tsStage.profile.pr
ofileUrl.[32mstartsWith[37m('http') 
? application.ats...
         ÔòÁ                           
    [32m~~~~~~~~~~[0m

  Error occurs in the template of 
component 
CandidateApplicationDetailsComponent.

    src/app/features/candidate/componen
ts/my-applications/components/candidate
-application-details/candidate-applicat
ion-details.component.ts:14:15:
[37m      14 Ôöé   templateUrl: [32m'
./candidate-application-details.compone
nt.html'[37m,
         ÔòÁ                [32m~~~~~~
~~~~~~~~~~~~~~~~~~~~~~~~~~~~~~~~~~~~~~~
~~~[0m


[31mX 
[41;31m[[41;97mERROR[41;31m][0m 
[1mNG1: Property 'profileUrl' comes 
from an index signature, so it must be 
accessed with ['profileUrl'].[0m 
[1m[35m[plugin angular-compiler][0m

    src/app/features/candidate/componen
ts/my-applications/components/candidate
-application-details/candidate-applicat
ion-details.component.html:23:153:
[37m      23 Ôöé ...plication.atsStage
.profile.[32mprofileUrl[37m : 
(baseUrl + application....
         ÔòÁ                           
    [32m~~~~~~~~~~[0m

  Error occurs in the template of 
component 
CandidateApplicationDetailsComponent.

    src/app/features/candidate/componen
ts/my-applications/components/candidate
-application-details/candidate-applicat
ion-details.component.ts:14:15:
[37m      14 Ôöé   templateUrl: [32m'
./candidate-application-details.compone
nt.html'[37m,
         ÔòÁ                [32m~~~~~~
~~~~~~~~~~~~~~~~~~~~~~~~~~~~~~~~~~~~~~~
~~~[0m


[31mX 
[41;31m[[41;97mERROR[41;31m][0m 
[1mNG1: Property 'profileUrl' comes 
from an index signature, so it must be 
accessed with ['profileUrl'].[0m 
[1m[35m[plugin angular-compiler][0m

    src/app/features/candidate/componen
ts/my-applications/components/candidate
-application-details/candidate-applicat
ion-details.component.html:23:206:
[37m      23 Ôöé ...plication.atsStage
.profile.[32mprofileUrl[37m)) : 
'/profileimages/logod...
         ÔòÁ                           
    [32m~~~~~~~~~~[0m

  Error occurs in the template of 
component 
CandidateApplicationDetailsComponent.

    src/app/features/candidate/componen
ts/my-applications/components/candidate
-application-details/candidate-applicat
ion-details.component.ts:14:15:
[37m      14 Ôöé   templateUrl: [32m'
./candidate-application-details.compone
nt.html'[37m,
         ÔòÁ                [32m~~~~~~
~~~~~~~~~~~~~~~~~~~~~~~~~~~~~~~~~~~~~~~
~~~[0m


[31mX 
[41;31m[[41;97mERROR[41;31m][0m 
[1mNG1: Object is of type 
'unknown'.[0m [1m[35m[plugin 
angular-compiler][0m

    src/app/features/candidate/componen
ts/my-applications/components/candidate
-application-details/candidate-applicat
ion-details.component.html:138:55:
[37m      138 Ôöé ...s="fas" 
[ngClass]="stageData.[32mstage[37m 
=== 'shortlisted' ? 'fa-pho...
          ÔòÁ                          
       [32m~~~~~[0m

  Error occurs in the template of 
component 
CandidateApplicationDetailsComponent.

    src/app/features/candidate/componen
ts/my-applications/components/candidate
-application-details/candidate-applicat
ion-details.component.ts:14:15:
[37m      14 Ôöé   templateUrl: [32m'
./candidate-application-details.compone
nt.html'[37m,
         ÔòÁ                [32m~~~~~~
~~~~~~~~~~~~~~~~~~~~~~~~~~~~~~~~~~~~~~~
~~~[0m


[31mX 
[41;31m[[41;97mERROR[41;31m][0m 
[1mNG1: Object is of type 
'unknown'.[0m [1m[35m[plugin 
angular-compiler][0m

    src/app/features/candidate/componen
ts/my-applications/components/candidate
-application-details/candidate-applicat
ion-details.component.html:142:95:
[37m      142 Ôöé ...Current Status: 
{{ stageData.[32mstage[37m === 
'shortlisted' ? 'Teleph...
          ÔòÁ                          
       [32m~~~~~[0m

  Error occurs in the template of 
component 
CandidateApplicationDetailsComponent.

    src/app/features/candidate/componen
ts/my-applications/components/candidate
-application-details/candidate-applicat
ion-details.component.ts:14:15:
[37m      14 Ôöé   templateUrl: [32m'
./candidate-application-details.compone
nt.html'[37m,
         ÔòÁ                [32m~~~~~~
~~~~~~~~~~~~~~~~~~~~~~~~~~~~~~~~~~~~~~~
~~~[0m


[31mX 
[41;31m[[41;97mERROR[41;31m][0m 
[1mNG1: Object is of type 
'unknown'.[0m [1m[35m[plugin 
angular-compiler][0m

    src/app/features/candidate/componen
ts/my-applications/components/candidate
-application-details/candidate-applicat
ion-details.component.html:154:72:
[37m      154 Ôöé ... text-base">{{ 
stageData.[32mscheduledDate[37m | 
date:'fullDate' }}</s...
          ÔòÁ                          
   [32m~~~~~~~~~~~~~[0m

  Error occurs in the template of 
component 
CandidateApplicationDetailsComponent.

    src/app/features/candidate/componen
ts/my-applications/components/candidate
-application-details/candidate-applicat
ion-details.component.ts:14:15:
[37m      14 Ôöé   templateUrl: [32m'
./candidate-application-details.compone
nt.html'[37m,
         ÔòÁ                [32m~~~~~~
~~~~~~~~~~~~~~~~~~~~~~~~~~~~~~~~~~~~~~~
~~~[0m


[31mX 
[41;31m[[41;97mERROR[41;31m][0m 
[1mNG1: Object is of type 
'unknown'.[0m [1m[35m[plugin 
angular-compiler][0m

    src/app/features/candidate/componen
ts/my-applications/components/candidate
-application-details/candidate-applicat
ion-details.component.html:163:72:
[37m      163 Ôöé ... 
class="font-bold text-base">{{ 
stageData.[32mscheduledTime[37m 
}}</span>
          ÔòÁ                          
                    
[32m~~~~~~~~~~~~~[0m

  Error occurs in the template of 
component 
CandidateApplicationDetailsComponent.

    src/app/features/candidate/componen
ts/my-applications/components/candidate
-application-details/candidate-applicat
ion-details.component.ts:14:15:
[37m      14 Ôöé   templateUrl: [32m'
./candidate-application-details.compone
nt.html'[37m,
         ÔòÁ                [32m~~~~~~
~~~~~~~~~~~~~~~~~~~~~~~~~~~~~~~~~~~~~~~
~~~[0m


[31mX 
[41;31m[[41;97mERROR[41;31m][0m 
[1mNG1: Object is of type 
'unknown'.[0m [1m[35m[plugin 
angular-compiler][0m

    src/app/features/candidate/componen
ts/my-applications/components/candidate
-application-details/candidate-applicat
ion-details.component.html:172:90:
[37m      172 Ôöé ...d text-base">{{ g
etEvaluatorNames(stageData.[32mevaluat
ors[37m) }}</span>
          ÔòÁ                          
                      
[32m~~~~~~~~~~[0m

  Error occurs in the template of 
component 
CandidateApplicationDetailsComponent.

    src/app/features/candidate/componen
ts/my-applications/components/candidate
-application-details/candidate-applicat
ion-details.component.ts:14:15:
[37m      14 Ôöé   templateUrl: [32m'
./candidate-application-details.compone
nt.html'[37m,
         ÔòÁ                [32m~~~~~~
~~~~~~~~~~~~~~~~~~~~~~~~~~~~~~~~~~~~~~~
~~~[0m


[31mX 
[41;31m[[41;97mERROR[41;31m][0m 
[1mNG1: Object is of type 
'unknown'.[0m [1m[35m[plugin 
angular-compiler][0m

    src/app/features/candidate/componen
ts/my-applications/components/candidate
-application-details/candidate-applicat
ion-details.component.html:175:43:
[37m      175 Ôöé ...    <div *ngIf="s
tageData.[32mmeetingLink[37m" 
class="flex items-cente...
          ÔòÁ                          
    [32m~~~~~~~~~~~[0m

  Error occurs in the template of 
component 
CandidateApplicationDetailsComponent.

    src/app/features/candidate/componen
ts/my-applications/components/candidate
-application-details/candidate-applicat
ion-details.component.ts:14:15:
[37m      14 Ôöé   templateUrl: [32m'
./candidate-application-details.compone
nt.html'[37m,
         ÔòÁ                [32m~~~~~~
~~~~~~~~~~~~~~~~~~~~~~~~~~~~~~~~~~~~~~~
~~~[0m


[31mX 
[41;31m[[41;97mERROR[41;31m][0m 
[1mNG1: Object is of type 
'unknown'.[0m [1m[35m[plugin 
angular-compiler][0m

    src/app/features/candidate/componen
ts/my-applications/components/candidate
-application-details/candidate-applicat
ion-details.component.html:181:71:
[37m      181 Ôöé ...deo-interview', s
tageData.[32mmeetingLink[37m.split('/
').pop()]" class...
          ÔòÁ                          
    [32m~~~~~~~~~~~[0m

  Error occurs in the template of 
component 
CandidateApplicationDetailsComponent.

    src/app/features/candidate/componen
ts/my-applications/components/candidate
-application-details/candidate-applicat
ion-details.component.ts:14:15:
[37m      14 Ôöé   templateUrl: [32m'
./candidate-application-details.compone
nt.html'[37m,
         ÔòÁ                [32m~~~~~~
~~~~~~~~~~~~~~~~~~~~~~~~~~~~~~~~~~~~~~~
~~~[0m

[39m[22m
