
> fobverse@0.0.0 build
> npm run lint && ng build


> fobverse@0.0.0 lint
> ng lint


Linting "fobverse"...

All files pass linting.

[33mÔØ»[39m Building...
[32mÔ£ö[39m Building...
Application bundle generation failed. [12.635 seconds]

npm : [1m[31m[31mX 
[41;31m[[41;97mERROR[41;31m][0m 
[1mNG5: Argument of type 'unknown' is 
not assignable to parameter of type 
'string'.[0m [1m[35m[plugin 
angular-compiler][0m
At line:1 char:1
+ npm run build 2>&1 | Out-File 
-FilePath "build-errors.txt" -Encoding 
 ...
+ ~~~~~~~~~~~~~~~~~~
    + CategoryInfo          : NotSpeci 
   fied: ([1m[31m[31mX...r-compile  
  r][0m:String) [], RemoteException
    + FullyQualifiedErrorId : NativeCo 
   mmandError
 

    src/app/features/admin/components/a
dmin-profile/admin-profile.html:78:19:
[37m      78 Ôöé                 {{ 
[32muserProfile['role'][37m | 
roleDisplay }}
         ÔòÁ                    
[32m~~~~~~~~~~~~~~~~~~~[0m

  Error occurs in the template of 
component AdminProfileComponent.

    src/app/features/admin/components/a
dmin-profile/admin-profile.ts:16:15:
[37m      16 Ôöé   templateUrl: 
[32m'./admin-profile.html'[37m,
         ÔòÁ                
[32m~~~~~~~~~~~~~~~~~~~~~~[0m


[31mX 
[41;31m[[41;97mERROR[41;31m][0m 
[1mNG9: No overload matches this call.
  Overload 1 of 3, '(value: string | 
number | Date, format?: string | 
undefined, timezone?: string | 
undefined, locale?: string | 
undefined): string | null', gave the 
following error.
    Argument of type 'unknown' is not 
assignable to parameter of type 
'string | number | Date'.
  Overload 2 of 3, '(value: null | 
undefined, format?: string | 
undefined, timezone?: string | 
undefined, locale?: string | 
undefined): null', gave the following 
error.
    Argument of type 'unknown' is not 
assignable to parameter of type 'null 
| undefined'.
  Overload 3 of 3, '(value: string | 
number | Date | null | undefined, 
format?: string | undefined, 
timezone?: string | undefined, 
locale?: string | undefined): string | 
null', gave the following error.
    Argument of type 'unknown' is not 
assignable to parameter of type 
'string | number | Date | null | 
undefined'.[0m [1m[35m[plugin 
angular-compiler][0m

    src/app/features/candidate/componen
ts/my-applications/components/candidate
-application-details/candidate-applicat
ion-details.component.html:154:62:
[37m      154 Ôöé ...ont-bold 
text-base">{{ 
[32mgetStageDataField[37m(stageData, 
'scheduled...
          ÔòÁ                          
 [32m~~~~~~~~~~~~~~~~~[0m

  Error occurs in the template of 
component 
CandidateApplicationDetailsComponent.

    src/app/features/candidate/componen
ts/my-applications/components/candidate
-application-details/candidate-applicat
ion-details.component.ts:14:15:
[37m      14 Ôöé   templateUrl: [32m'
./candidate-application-details.compone
nt.html'[37m,
         ÔòÁ                [32m~~~~~~
~~~~~~~~~~~~~~~~~~~~~~~~~~~~~~~~~~~~~~~
~~~[0m


[31mX 
[41;31m[[41;97mERROR[41;31m][0m 
[1mNG5002: Parser Error: Missing 
expected ) at column 63 in [ getEvaluat
orNames(getStageDataField(stageData, 
'evaluators') as unknown[]) ] in C:\Use
rs\achuzz\Desktop\fobVerse-UI\fobverse\
src\app\features\candidate\components\m
y-applications\components\candidate-app
lication-details\candidate-application-
details.component.html@171:59[0m 
[1m[35m[plugin angular-compiler][0m

    src/app/features/candidate/componen
ts/my-applications/components/candidate
-application-details/candidate-applicat
ion-details.component.html:172:59:
[37m      172 Ôöé 
...ext-base">[32m{{ getEvaluatorNames(
getStageDataField(stageData, 'e[37m...
          ÔòÁ              [32m~~~~~~~
~~~~~~~~~~~~~~~~~~~~~~~~~~~~~~~~~~~~~~~
~~~~~~[0m

  Error occurs in the template of 
component 
CandidateApplicationDetailsComponent.

    src/app/features/candidate/componen
ts/my-applications/components/candidate
-application-details/candidate-applicat
ion-details.component.ts:14:15:
[37m      14 Ôöé   templateUrl: [32m'
./candidate-application-details.compone
nt.html'[37m,
         ÔòÁ                [32m~~~~~~
~~~~~~~~~~~~~~~~~~~~~~~~~~~~~~~~~~~~~~~
~~~[0m


[31mX 
[41;31m[[41;97mERROR[41;31m][0m 
[1mNG5002: Parser Error: Unexpected 
token ')' at column 75 in [ getEvaluato
rNames(getStageDataField(stageData, 
'evaluators') as unknown[]) ] in C:\Use
rs\achuzz\Desktop\fobVerse-UI\fobverse\
src\app\features\candidate\components\m
y-applications\components\candidate-app
lication-details\candidate-application-
details.component.html@171:59[0m 
[1m[35m[plugin angular-compiler][0m

    src/app/features/candidate/componen
ts/my-applications/components/candidate
-application-details/candidate-applicat
ion-details.component.html:172:59:
[37m      172 Ôöé 
...ext-base">[32m{{ getEvaluatorNames(
getStageDataField(stageData, 'e[37m...
          ÔòÁ              [32m~~~~~~~
~~~~~~~~~~~~~~~~~~~~~~~~~~~~~~~~~~~~~~~
~~~~~~[0m

  Error occurs in the template of 
component 
CandidateApplicationDetailsComponent.

    src/app/features/candidate/componen
ts/my-applications/components/candidate
-application-details/candidate-applicat
ion-details.component.ts:14:15:
[37m      14 Ôöé   templateUrl: [32m'
./candidate-application-details.compone
nt.html'[37m,
         ÔòÁ                [32m~~~~~~
~~~~~~~~~~~~~~~~~~~~~~~~~~~~~~~~~~~~~~~
~~~[0m


[31mX 
[41;31m[[41;97mERROR[41;31m][0m 
[1mNG5: Argument of type 'unknown' is 
not assignable to parameter of type 
'unknown[]'.[0m [1m[35m[plugin 
angular-compiler][0m

    src/app/features/candidate/componen
ts/my-applications/components/candidate
-application-details/candidate-applicat
ion-details.component.html:172:80:
[37m      172 Ôöé ...">{{ getEvaluator
Names([32mgetStageDataField[37m(stage
Data, 'evaluator...
          ÔòÁ                          
 [32m~~~~~~~~~~~~~~~~~[0m

  Error occurs in the template of 
component 
CandidateApplicationDetailsComponent.

    src/app/features/candidate/componen
ts/my-applications/components/candidate
-application-details/candidate-applicat
ion-details.component.ts:14:15:
[37m      14 Ôöé   templateUrl: [32m'
./candidate-application-details.compone
nt.html'[37m,
         ÔòÁ                [32m~~~~~~
~~~~~~~~~~~~~~~~~~~~~~~~~~~~~~~~~~~~~~~
~~~[0m


[31mX 
[41;31m[[41;97mERROR[41;31m][0m 
[1mNG5002: Parser Error: Missing 
expected ] at column 65 in 
[['video-interview', 
getStageDataField(stageData, 
'meetingLink') as 
string.split('/').pop()]] in C:\Users\a
chuzz\Desktop\fobVerse-UI\fobverse\src\
app\features\candidate\components\my-ap
plications\components\candidate-applica
tion-details\candidate-application-deta
ils.component.html@180:41[0m 
[1m[35m[plugin angular-compiler][0m

    src/app/features/candidate/componen
ts/my-applications/components/candidate
-application-details/candidate-applicat
ion-details.component.html:181:41:
[37m      181 Ôöé 
...terLink]="[32m['video-interview', 
getStageDataField(stageData, 
'me[37m...
          ÔòÁ              [32m~~~~~~~
~~~~~~~~~~~~~~~~~~~~~~~~~~~~~~~~~~~~~~~
~~~~~~[0m

  Error occurs in the template of 
component 
CandidateApplicationDetailsComponent.

    src/app/features/candidate/componen
ts/my-applications/components/candidate
-application-details/candidate-applicat
ion-details.component.ts:14:15:
[37m      14 Ôöé   templateUrl: [32m'
./candidate-application-details.compone
nt.html'[37m,
         ÔòÁ                [32m~~~~~~
~~~~~~~~~~~~~~~~~~~~~~~~~~~~~~~~~~~~~~~
~~~[0m

[39m[22m
